// Jest Snapshot v1, https://goo.gl/fbAQLP

exports[`UserList correspond au snapshot 1`] = `
<DocumentFragment>
  <div>
    <h2>
      Liste des utilisateurs
    </h2>
    <ul>
      <li>
        Jean Dupont (jean@ex.com)
      </li>
    </ul>
  </div>
</DocumentFragment>
`;
